(lldb) settings set target.disable-aslr true
(lldb) settings set auto-confirm true
(lldb) plugin load /workspaces/gdbsos/src/diagnostics/artifacts/bin/linux.x64.Debug/libsosplugin.so
(lldb) target create "/workspaces/gdbsos/src/diagnostics/artifacts/bin/SimpleThrow/Debug/net8.0/SimpleThrow"
Current executable set to '/workspaces/gdbsos/src/diagnostics/artifacts/bin/SimpleThrow/Debug/net8.0/SimpleThrow' (x86_64).
(lldb) process launch --stop-at-entry
Process 13328 launched: '/workspaces/gdbsos/src/diagnostics/artifacts/bin/SimpleThrow/Debug/net8.0/SimpleThrow' (x86_64)
(lldb) br set -r coreclr_execute_assembly
Breakpoint 1: no locations (pending).
WARNING:  Unable to resolve breakpoint to any actual locations.
(lldb) continue
1 location added to breakpoint 1
Process 13328 resuming
Process 13328 stopped
* thread #1, name = 'SimpleThrow', stop reason = breakpoint 1.1
    frame #0: 0x00007ffff6c88a91 libcoreclr.so`::coreclr_execute_assembly(hostHandle=0x00005555555ca1e0, domainId=1, argc=0, argv=0x0000000000000000, managedAssemblyPath="/workspaces/gdbsos/src/diagnostics/artifacts/bin/SimpleThrow/Debug/net8.0/SimpleThrow.dll", exitCode=0x00007fffffffd6e0) at exports.cpp:487:18
   484 	            const char* managedAssemblyPath,
   485 	            unsigned int* exitCode)
   486 	{
-> 487 	    if (exitCode == NULL)
    	                 ^
   488 	    {
   489 	        return HRESULT_FROM_WIN32(ERROR_INVALID_PARAMETER);
   490 	    }

(lldb) soshelp
analyzeoom, AnalyzeOOM                                   Displays the info of the last OOM that occurred on an allocation request to the GC heap.
assemblies, clrmodules                                   Lists the managed assemblies in the process.
clrstack <arguments>                                     Provides a stack trace of managed code only.
clrthreads <arguments>                                   Lists the managed threads running.
crashinfo                                                Displays the crash details that created the dump.
d, readmemory <address>                                  Dumps memory contents.
da <address>                                             Dumps memory as zero-terminated byte strings.
db <address>                                             Dumps memory as bytes.
dbgout <arguments>                                       Enables/disables (-off) internal SOS logging.
dc <address>                                             Dumps memory as chars.
dd <address>                                             Dumps memory as dwords (uint).
dp <address>                                             Dumps memory as pointers.
dq <address>                                             Dumps memory as qwords (ulong).
du <address>                                             Dumps memory as zero-terminated char strings.
dumpalc <arguments>                                      Displays details about a collectible AssemblyLoadContext into which the specified object is loaded.
dumparray <arguments>                                    Displays details about a managed array.
dumpassembly <arguments>                                 Displays details about an assembly.
dumpasync, DumpAsync                                     Displays information about async "stacks" on the garbage-collected heap.
dumpclass <arguments>                                    Displays information about a EE class structure at the specified address.
dumpconcurrentdictionary, dcd <address>                  Displays concurrent dictionary content.
dumpconcurrentqueue, dcq <address>                       Displays concurrent queue content.
dumpdelegate <arguments>                                 Displays information about a delegate.
dumpdomain <arguments>                                   Displays the Microsoft intermediate language (MSIL) that's associated with a managed method.
dumpexceptions                                           Displays a list of all managed exceptions.
dumpgcdata <arguments>                                   Displays information about the GC data.
dumpgen, dg <generation>                                 Displays heap content for the specified generation.
dumpheap, DumpHeap <memoryrange>                         Displays a list of all managed objects.
dumphttp, DumpHttp                                       Displays information about HTTP requests.
dumpil <arguments>                                       Displays the Microsoft intermediate language (MSIL) that is associated with a managed method.
dumplog <arguments>                                      Writes the contents of an in-memory stress log to the specified file.
dumpmd <arguments>                                       Displays information about a MethodDesc structure at the specified address.
dumpmodule <arguments>                                   Displays information about a EE module structure at the specified address.
dumpmt <arguments>                                       Displays information about a method table at the specified address.
dumpobj, do <arguments>                                  Displays info about an object at the specified address.
dumpobjgcrefs <object>                                   A helper command to implement !dumpobj -refs
dumprequests, DumpRequests                               Displays all currently active incoming HTTP requests.
dumpruntimetypes, DumpRuntimeTypes                       Finds all System.RuntimeType objects in the GC heap and prints the type name and MethodTable they refer to.
dumpsig <arguments>                                      Dumps the signature of a method or field specified by <sigaddr> <moduleaddr>.
dumpsigelem <arguments>                                  Dumps a single element of a signature object.
dumpstackobjects, dso, DumpStackObjects <stackbounds>    Displays all managed objects found within the bounds of the current stack.
dumpvc <arguments>                                       Displays info about the fields of a value class.
dw <address>                                             Dumps memory as words (ushort).
eeheap, EEHeap <memoryrange>                             Displays information about native memory that CLR has allocated.
eeversion <arguments>                                    Displays information about the runtime version.
ehinfo <arguments>                                       Displays the exception handling blocks in a JIT-ed method.
enummem <arguments>                                      ICLRDataEnumMemoryRegions.EnumMemoryRegions test command.
ephrefs                                                  Finds older generation objects which reference objects in the ephemeral segment.
ephtoloh                                                 Finds ephemeral objects which reference the large object heap.
finalizequeue, fq, FinalizeQueue                         Displays all objects registered for finalization.
findappdomain <arguments>                                Attempts to resolve the AppDomain of a GC object.
gchandles <arguments>                                    Provides statistics about GCHandles in the process.
gcheapstat, GCHeapStat                                   Displays various GC heap stats.
gcinfo <arguments>                                       Displays JIT GC encoding for a method.
gcroot, GCRoot <target>                                  Displays info about references (or roots) to an object at the specified address.
gcwhere, GCWhere <address>                               Displays the location in the GC heap of the specified address.
help, soshelp <command>                                  Displays help for a command.
histclear <arguments>                                    Releases any resources used by the family of Hist commands.
histinit <arguments>                                     Initializes the SOS structures from the stress log saved in the debuggee.
histobj <arguments>                                      Examines all stress log relocation records and displays the chain of garbage collection relocations that may have led to  the address passed in as an argument.
histobjfind <arguments>                                  Displays all the log entries that reference an object at the specified address.
histroot <arguments>                                     Displays information related to both promotions and relocations of the specified root.
histstats <arguments>                                    Displays stress log stats.
ip2md <arguments>                                        Displays the MethodDesc structure at the specified address in code that has been JIT-compiled.
listnearobj, lno, ListNearObj <address>                  Displays the object preceding and succeeding the specified address.
loadsymbols <url>                                        Loads symbols for all modules.
logclose <path>                                          Disables console file logging.
logging <path>                                           Enables/disables internal diagnostic logging.
logopen <path>                                           Enables console file logging.
modules, lm                                              Displays the native modules in the process.
name2ee <arguments>                                      Displays the MethodTable structure and EEClass structure for the specified type or method in the specified module.
notreachableinrange <start> <end>                        A helper command for !finalizerqueue
objsize, ObjSize <objectaddress>                         Lists the sizes of the all the objects found on managed threads.
parallelstacks, pstacks                                  Displays the merged threads stack similarly to the Visual Studio 'Parallel Stacks' panel.
pathto, PathTo <source> <target>                         Displays the GC path from <root> to <target>.
printexception, pe <arguments>                           Displays and formats fields of any object derived from the Exception class at the specified address.
registers, r                                             Displays the thread's registers.
runtimes, setruntime <id>                                Lists the runtimes in the target or changes the default runtime.
setclrpath <path>                                        Sets the path to load coreclr DAC/DBI files.
setsymbolserver, SetSymbolServer <url>                   Enables and sets symbol server support for symbols and module download.
SimulateGCHeapCorruption <command>                       Writes values to the GC heap in strategic places to simulate heap corruption.
sizestats                                                Size statistics for the GC heap.
sosflush                                                 Resets the internal cached state.
sosstatus                                                Displays internal status.
syncblk <arguments>                                      Displays the SyncBlock holder info.
taskstate, tks <address>                                 Displays a Task state in a human readable format.
threadpool, ThreadPool                                   Displays info about the runtime thread pool.
threadpoolqueue, tpq                                     Displays queued ThreadPool work items.
threads, setthread <thread>                              Lists the threads in the target or sets the current thread.
threadstate <arguments>                                  Pretty prints the meaning of a threads state.
timerinfo, ti                                            Displays information about running timers.
traverseheap, TraverseHeap <filename>                    Writes out heap information to a file in a format understood by the CLR Profiler.
verifyheap, VerifyHeap <memoryrange>                     Searches the managed heap for memory corruption..
verifyobj, VerifyObj <objectaddress>                     Checks the given object for signs of corruption.
(lldb) quit
