(lldb) plugin load /workspaces/gdbsos/src/diagnostics/artifacts/bin/linux.x64.Debug/libsosplugin.so
(lldb) soshelp
crashinfo                                 Displays the crash details that created the dump.
d, readmemory <address>                   Dumps memory contents.
da <address>                              Dumps memory as zero-terminated byte strings.
db <address>                              Dumps memory as bytes.
dc <address>                              Dumps memory as chars.
dd <address>                              Dumps memory as dwords (uint).
dp <address>                              Dumps memory as pointers.
dq <address>                              Dumps memory as qwords (ulong).
du <address>                              Dumps memory as zero-terminated char strings.
dw <address>                              Dumps memory as words (ushort).
help, soshelp <command>                   Displays help for a command.
loadsymbols <url>                         Loads symbols for all modules.
logclose <path>                           Disables console file logging.
logging <path>                            Enables/disables internal diagnostic logging.
logopen <path>                            Enables console file logging.
modules, lm                               Displays the native modules in the process.
registers, r                              Displays the thread's registers.
runtimes, setruntime <id>                 Lists the runtimes in the target or changes the default runtime.
setclrpath <path>                         Sets the path to load coreclr DAC/DBI files.
setsymbolserver, SetSymbolServer <url>    Enables and sets symbol server support for symbols and module download.
sosflush                                  Resets the internal cached state.
sosstatus                                 Displays internal status.
threads, setthread <thread>               Lists the threads in the target or sets the current thread.
(lldb) help
Debugger commands:
  apropos           -- List debugger commands related to a word or subject.
  breakpoint        -- Commands for operating on breakpoints (see 'help b' for shorthand.)
  command           -- Commands for managing custom LLDB commands.
  disassemble       -- Disassemble specified instructions in the current target.  Defaults to the current
                       function for the current thread and stack frame.
  expression        -- Evaluate an expression on the current thread.  Displays any returned value with LLDB's
                       default formatting.
  frame             -- Commands for selecting and examing the current thread's stack frames.
  gdb-remote        -- Connect to a process via remote GDB server.  If no host is specifed, localhost is assumed.
  gui               -- Switch into the curses based GUI mode.
  help              -- Show a list of all debugger commands, or give details about a specific command.
  kdp-remote        -- Connect to a process via remote KDP server.  If no UDP port is specified, port 41139 is
                       assumed.
  language          -- Commands specific to a source language.
  log               -- Commands controlling LLDB internal logging.
  memory            -- Commands for operating on memory in the current target process.
  platform          -- Commands to manage and create platforms.
  plugin            -- Commands for managing LLDB plugins.
  process           -- Commands for interacting with processes on the current platform.
  quit              -- Quit the LLDB debugger.
  register          -- Commands to access registers for the current thread and stack frame.
  reproducer        -- Commands for manipulating reproducers. Reproducers make it possible to capture full debug
                       sessions with all its dependencies. The resulting reproducer is used to replay the debug
                       session while debugging the debugger.
                       Because reproducers need the whole the debug session from beginning to end, you need to
                       launch the debugger in capture or replay mode, commonly though the command line
                       driver.
                       Reproducers are unrelated record-replay debugging, as you cannot interact with the
                       debugger during replay.
  script            -- Invoke the script interpreter with provided code and display any results.  Start the
                       interactive interpreter if no code is supplied.
  settings          -- Commands for managing LLDB settings.
  source            -- Commands for examining source code described by debug information for the current target
                       process.
  statistics        -- Print statistics about a debugging session
  target            -- Commands for operating on debugger targets.
  thread            -- Commands for operating on one or more threads in the current process.
  type              -- Commands for operating on the type system.
  version           -- Show the LLDB debugger version.
  watchpoint        -- Commands for operating on watchpoints.
Current command abbreviations (type 'help command alias' for more info):
  add-dsym  -- Add a debug symbol file to one of the target's current modules by specifying a path to a debug
               symbols file or by using the options to specify a module.
  attach    -- Attach to process by ID or name.
  b         -- Set a breakpoint using one of several shorthand formats.
  bt        -- Show the current thread's call stack.  Any numeric argument displays at most that many frames. 
               The argument 'all' displays all threads.  Use 'settings set frame-format' to customize the
               printing of individual frames and 'settings set thread-format' to customize the thread header.
  c         -- Continue execution of all threads in the current process.
  call      -- Evaluate an expression on the current thread.  Displays any returned value with LLDB's default
               formatting.
  continue  -- Continue execution of all threads in the current process.
  detach    -- Detach from the current target process.
  di        -- Disassemble specified instructions in the current target.  Defaults to the current function for
               the current thread and stack frame.
  dis       -- Disassemble specified instructions in the current target.  Defaults to the current function for
               the current thread and stack frame.
  display   -- Evaluate an expression at every stop (see 'help target stop-hook'.)
  down      -- Select a newer stack frame.  Defaults to moving one frame, a numeric argument can specify an
               arbitrary number.
  env       -- Shorthand for viewing and setting environment variables.
  exit      -- Quit the LLDB debugger.
  f         -- Select the current stack frame by index from within the current thread (see 'thread backtrace'.)
  file      -- Create a target using the argument as the main executable.
  finish    -- Finish executing the current stack frame and stop after returning.  Defaults to current thread
               unless specified.
  image     -- Commands for accessing information for one or more target modules.
  j         -- Set the program counter to a new address.
  jump      -- Set the program counter to a new address.
  kill      -- Terminate the current target process.
  l         -- List relevant source code using one of several shorthand formats.
  list      -- List relevant source code using one of several shorthand formats.
  n         -- Source level single step, stepping over calls.  Defaults to current thread unless specified.
  next      -- Source level single step, stepping over calls.  Defaults to current thread unless specified.
  nexti     -- Instruction level single step, stepping over calls.  Defaults to current thread unless specified.
  ni        -- Instruction level single step, stepping over calls.  Defaults to current thread unless specified.
  p         -- Evaluate an expression on the current thread.  Displays any returned value with LLDB's default
               formatting.
  parray    -- parray <COUNT> <EXPRESSION> -- lldb will evaluate EXPRESSION to get a typed-pointer-to-an-array in
               memory, and will display COUNT elements of that type from the array.
  po        -- Evaluate an expression on the current thread.  Displays any returned value with formatting
               controlled by the type's author.
  poarray   -- poarray <COUNT> <EXPRESSION> -- lldb will evaluate EXPRESSION to get the address of an array of
               COUNT objects in memory, and will call po on them.
  print     -- Evaluate an expression on the current thread.  Displays any returned value with LLDB's default
               formatting.
  q         -- Quit the LLDB debugger.
  r         -- Launch the executable in the debugger.
  rbreak    -- Sets a breakpoint or set of breakpoints in the executable.
  re        -- Commands to access registers for the current thread and stack frame.
  run       -- Launch the executable in the debugger.
  s         -- Source level single step, stepping into calls.  Defaults to current thread unless specified.
  shell     -- Run a shell command on the host.
  si        -- Instruction level single step, stepping into calls.  Defaults to current thread unless specified.
  sif       -- Step through the current block, stopping if you step directly into a function whose name matches
               the TargetFunctionName.
  step      -- Source level single step, stepping into calls.  Defaults to current thread unless specified.
  stepi     -- Instruction level single step, stepping into calls.  Defaults to current thread unless specified.
  t         -- Change the currently selected thread.
  tbreak    -- Set a one-shot breakpoint using one of several shorthand formats.
  undisplay -- Stop displaying expression at every stop (specified by stop-hook index.)
  up        -- Select an older stack frame.  Defaults to moving one frame, a numeric argument can specify an
               arbitrary number.
  v         -- Show variables for the current stack frame. Defaults to all arguments and local variables in
               scope. Names of argument, local, file static and file global variables can be specified. Children
               of aggregate variables can be specified such as 'var->child.x'.  The -> and [] operators in 'frame
               variable' do not invoke operator overloads if they exist, but directly access the specified
               element.  If you want to trigger operator overloads use the expression command to print the
               variable instead.
               It is worth noting that except for overloaded operators, when printing local variables 'expr
               local_var' and 'frame var local_var' produce the same results.  However, 'frame variable' is more
               efficient, since it uses debug information and memory reads directly, rather than parsing and
               evaluating an expression, which may even involve JITing and running code in the target program.
  var       -- Show variables for the current stack frame. Defaults to all arguments and local variables in
               scope. Names of argument, local, file static and file global variables can be specified. Children
               of aggregate variables can be specified such as 'var->child.x'.  The -> and [] operators in 'frame
               variable' do not invoke operator overloads if they exist, but directly access the specified
               element.  If you want to trigger operator overloads use the expression command to print the
               variable instead.
               It is worth noting that except for overloaded operators, when printing local variables 'expr
               local_var' and 'frame var local_var' produce the same results.  However, 'frame variable' is more
               efficient, since it uses debug information and memory reads directly, rather than parsing and
               evaluating an expression, which may even involve JITing and running code in the target program.
  vo        -- Show variables for the current stack frame. Defaults to all arguments and local variables in
               scope. Names of argument, local, file static and file global variables can be specified. Children
               of aggregate variables can be specified such as 'var->child.x'.  The -> and [] operators in 'frame
               variable' do not invoke operator overloads if they exist, but directly access the specified
               element.  If you want to trigger operator overloads use the expression command to print the
               variable instead.
               It is worth noting that except for overloaded operators, when printing local variables 'expr
               local_var' and 'frame var local_var' produce the same results.  However, 'frame variable' is more
               efficient, since it uses debug information and memory reads directly, rather than parsing and
               evaluating an expression, which may even involve JITing and running code in the target program.
  x         -- Read from the memory of the current target process.
Current user-defined commands:
  SimulateGCHeapCorruption -- Writes values to the GC heap in strategic places to simulate heap corruption.
  analyzeoom               -- Provides a stack trace of managed code only.
  assemblies               -- Lists the managed modules in the process.
  bpmd                     -- Creates a breakpoint at the specified managed method in the specified module.
  clrmodules               -- Lists the managed modules in the process.
  clrstack                 -- Provides a stack trace of managed code only.
  clrthreads               -- Lists the managed threads running.
  clru                     -- Displays an annotated disassembly of a managed method.
  comstate                 -- Lists the COM apartment model for each thread.
  crashinfo                -- Displays the Native AOT crash info.
  d                        -- Dumps memory contents.
  da                       -- Dumps memory as zero-terminated byte strings.
  db                       -- Dumps memory as bytes.
  dbgout                   -- Enables/disables (-off) internal SOS logging.
  dc                       -- Dumps memory as chars.
  dcd                      -- Displays concurrent dictionary content.
  dcq                      -- Displays concurrent queue content.
  dd                       -- Dumps memory as dwords (uint).
  dg                       -- Displays heap content for the specified generation.
  dp                       -- Dumps memory as pointers.
  dq                       -- Dumps memory as qwords (ulong).
  dso                      -- Displays all managed objects found within the bounds of the current stack.
  du                       -- Dumps memory as zero-terminated char strings.
  dumpalc                  -- Displays details about a collectible AssemblyLoadContext to which the specified
                              object is loaded.
  dumparray                -- Displays details about a managed array.
  dumpassembly             -- Displays details about an assembly.
  dumpasync                -- Displays information about async "stacks" on the garbage-collected heap.
  dumpccw                  -- Displays information about a COM Callable Wrapper.
  dumpclass                -- Displays information about a EE class structure at the specified address.
  dumpconcurrentdictionary -- Displays concurrent dictionary content.
  dumpconcurrentqueue      -- Displays concurrent queue content.
  dumpdelegate             -- Displays information about a delegate.
  dumpdomain               -- Displays information about the all assemblies within all the AppDomains or the
                              specified one.
  dumpexceptions           -- Displays a list of all managed exceptions.
  dumpgcdata               -- Displays information about the GC data.
  dumpgen                  -- Displays heap content for the specified generation.
  dumpheap                 -- Displays info about the garbage-collected heap and collection statistics about
                              objects.
  dumphttp                 -- Displays information about HTTP requests.
  dumpil                   -- Displays the Microsoft intermediate language (MSIL) that's associated with a
                              managed method.
  dumplog                  -- Writes the contents of an in-memory stress log to the specified file.
  dumpmd                   -- Displays information about a MethodDesc structure at the specified address.
  dumpmodule               -- Displays information about a EE module structure at the specified address.
  dumpmt                   -- Displays information about a method table at the specified address.
  dumpobj                  -- Displays info about an object at the specified address.
  dumpobjgcrefs            -- A helper command to implement !dumpobj -refs
  dumppermissionset        -- Displays a PermissionSet object (debug build only).
  dumprcw                  -- Displays information about a Runtime Callable Wrapper.
  dumprequests             -- Displays all currently active incoming HTTP requests.
  dumpruntimetypes         -- Finds all System.RuntimeType objects in the GC heap and prints the type name and
                              MethodTable they refer too.
  dumpsig                  -- Dumps the signature of a method or field specified by '<sigaddr> <moduleaddr>'.
  dumpsigelem              -- Dumps a single element of a signature object.
  dumpstack                -- Displays a native and managed stack trace.
  dumpstackobjects         -- Displays all managed objects found within the bounds of the current stack.
  dumpvc                   -- Displays info about the fields of a value class.
  dw                       -- Dumps memory as words (ushort).
  eeheap                   -- Displays info about process memory consumed by internal runtime data structures.
  eestack                  -- Runs dumpstack on all threads in the process.
  eeversion                -- Displays information about the runtime and SOS versions.
  ehinfo                   -- Displays the exception handling blocks in a JIT-ed method.
  enummem                  -- ICLRDataEnumMemoryRegions.EnumMemoryRegions test command.
  ephrefs                  -- Finds older generation objects which reference objects in the ephemeral segment.
  ephtoloh                 -- Finds ephemeral objects which reference the large object heap.
  ext                      -- Executes various coreclr debugging commands. Use the syntax 'sos <command - name>
                              <args>'. For more information, see 'soshelp'.
  finalizequeue            -- Displays all objects registered for finalization.
  findappdomain            -- Attempts to resolve the AppDomain of a GC object.
  findpointersin           -- Finds pointers to the GC heap within the given memory regions.
  findroots                -- Finds and displays object roots across GC collections.
  gchandleleaks            -- Helps in tracking down GCHandle leaks.
  gchandles                -- Displays statistics about garbage collector handles in the process.
  gcheapstat               -- Displays statistics about garbage collector.
  gcinfo                   -- Displays info JIT GC encoding for a method.
  gcroot                   -- Displays info about references (or roots) to an object at the specified address.
  gctonative               -- Finds GC objects which point to the given native memory ranges.
  gcwhere                  -- Displays the location in the GC heap of the specified address.
  histclear                -- Releases any resources used by the family of Hist commands.
  histinit                 -- Initializes the SOS structures from the stress log saved in the debuggee.
  histobj                  -- Examines all stress log relocation records and displays the chain of garbage
                              collection relocations that may have led to the address passed in as an argument.
  histobjfind              -- Displays all the log entries that reference an object at the specified address.
  histroot                 -- Displays information related to both promotions and relocations of the specified
                              root.
  histstats                -- Displays stress log stats.
  ip2md                    -- Displays the MethodDesc structure at the specified address in code that has been
                              JIT-compiled.
  listnearobj              -- Displays the object preceding and succeeding the specified address.
  lm                       -- Displays the native modules in the process.
  loadsymbols              -- Loads the .NET Core native module symbols.
  logclose                 -- Disables console file logging.
  logging                  -- Enables/disables internal SOS logging.
  logopen                  -- Enables console file logging.
  maddress                 -- Displays a breakdown of the virtual address space.
  modules                  -- Displays the native modules in the process.
  name2ee                  -- Displays the MethodTable structure and EEClass structure for the specified type or
                              method in the specified module.
  notreachableinrange      -- A helper command for !finalizerqueue
  objsize                  -- Displays the size of the specified object.
  parallelstacks           -- Displays the merged threads stack similarly to the Visual Studio 'Parallel Stacks'
                              panel.
  pathto                   -- Displays the GC path from <root> to <target>.
  pe                       -- Displays and formats fields of any object derived from the Exception class at the
                              specified address.
  printexception           -- Displays and formats fields of any object derived from the Exception class at the
                              specified address.
  pstacks                  -- Displays the merged threads stack similarly to the Visual Studio 'Parallel Stacks'
                              panel.
  readmemory               -- Dumps memory contents.
  registers                -- Displays the thread's registers.
  runtimes                 -- Lists the runtimes in the target or change the default runtime.
  setclrpath               -- Sets the path to load the runtime DAC/DBI files.
  sethostruntime           -- Sets the path to the .NET Core runtime to use to host the managed code that runs as
                              part of SOS
  setsostid                -- Set the current os tid/thread index instead of using the one lldb provides.
                              setsostid <tid> <index>
  setsymbolserver          -- Enables the symbol server support 
  setthread                -- Lists the threads in the target or sets the current thread.
  sizestats                -- Size statistics for the GC heap.
  sos                      -- Executes various coreclr debugging commands. Use the syntax 'sos <command - name>
                              <args>'. For more information, see 'soshelp'.
  sosflush                 -- Resets the internal cached state.
  soshelp                  -- Displays all available commands when no parameter is specified, or displays
                              detailed help information about the specified command: 'soshelp <command>'.
  sosstatus                -- Displays the global SOS status.
  stoponcatch              -- Target process will break the next time a managed exception is caught during
                              execution.
  syncblk                  -- Displays the SyncBlock holder info.
  taskstate                -- Displays a Task state in a human readable format.
  threadpool               -- Displays info about the runtime thread pool.
  threadpoolqueue          -- Displays queued ThreadPool work items.
  threads                  -- Lists the threads in the target or sets the current thread.
  threadstate              -- Pretty prints the meaning of a threads state.
  ti                       -- Displays information about running timers.
  timerinfo                -- Displays information about running timers.
  tks                      -- Displays a Task state in a human readable format.
  token2ee                 -- Displays the MethodTable structure and MethodDesc structure for the specified token
                              and module.
  tpq                      -- Displays queued ThreadPool work items.
  traverseheap             -- Writes out heap information to a file in a format understood by the CLR Profiler.
  verifyheap               -- Checks the GC heap for signs of corruption.
  verifyobj                -- Checks the object that is passed as an argument for signs of corruption.
  watsonbuckets            -- Displays the Watson buckets.
For more information on any command, type 'help <command-name>'.
(lldb) quit
